      - "/Users/runner/bin/"
      - "/Users/runner/.yarn/bin/"
      - "/Users/runner/Library/Android/sdk/tools/"
      - "/Users/runner/Library/Android/sdk/platform-tools/"
      - "/Library/Frameworks/Python.framework/Versions/Current/bin/"
      - "/Library/Frameworks/Mono.framework/Versions/Current/Commands/"
      - "/usr/bin/"
      - "/bin/"
      - "/usr/sbin/"
      - "/sbin/"
      - "/Users/runner/.dotnet/tools/"
      - "/Applications/Xcode_16.4.app/Contents/Developer/Platforms/MacOSX.platform/Developer/SDKs/MacOSX.sdk/usr/bin/"
      - "/Applications/Xcode_16.4.app/Contents/Developer/Platforms/MacOSX.platform/Developer/SDKs/MacOSX.sdk/usr/sbin/"
      - "/Applications/Xcode_16.4.app/Contents/Developer/Platforms/MacOSX.platform/Developer/SDKs/MacOSX.sdk/usr/"
      - "/usr/bin/"
      - "/usr/sbin/"
      - "/usr/"
      - "/bin/"
      - "/sbin/"
      - "/usr/X11R6/bin/"
      - "/usr/X11R6/sbin/"
      - "/usr/X11R6/"
      - "/usr/pkg/bin/"
      - "/usr/pkg/sbin/"
      - "/usr/pkg/"
      - "/opt/bin/"
      - "/opt/sbin/"
      - "/opt/"
      - "/sw/bin/"
      - "/sw/sbin/"
      - "/sw/"
      - "/opt/local/bin/"
      - "/opt/local/sbin/"
      - "/opt/local/"
      - "/Applications/"
      - "/Applications/Xcode_16.4.app/Contents/Applications/"
      - "/Applications/Xcode_16.4.app/Contents/Developer/Applications/"
      - "/ATT/Graphviz/bin/"
      - "C:/Program Files/ATT/Graphviz/bin/"
      - "/Applications/Graphviz.app/Contents/MacOS/"
      - "/Applications/Utilities/Graphviz.app/Contents/MacOS/"
      - "/Applications/Doxygen.app/Contents/Resources/"
      - "/Applications/Doxygen.app/Contents/MacOS/"
      - "/Applications/Utilities/Doxygen.app/Contents/Resources/"
      - "/Applications/Utilities/Doxygen.app/Contents/MacOS/"
    searched_directories:
      - "/Users/runner/work/FreenectTD/FreenectTD/build_deps/prefix-x86_64/bin/dot"
      - "/Users/runner/work/FreenectTD/FreenectTD/build_deps/prefix-x86_64/sbin/dot"
      - "/Users/runner/work/FreenectTD/FreenectTD/build_deps/prefix-x86_64/dot"
      - "/opt/homebrew/lib/ruby/gems/3.3.0/bin/dot"
      - "/opt/homebrew/opt/ruby@3.3/bin/dot"
      - "/Users/runner/.local/bin/dot"
      - "/opt/homebrew/bin/dot"
      - "/opt/homebrew/sbin/dot"
      - "/Users/runner/.cargo/bin/dot"
      - "/usr/local/opt/curl/bin/dot"
      - "/usr/local/bin/dot"
      - "/usr/local/sbin/dot"
      - "/Users/runner/bin/dot"
      - "/Users/runner/.yarn/bin/dot"
      - "/Users/runner/Library/Android/sdk/tools/dot"
      - "/Users/runner/Library/Android/sdk/platform-tools/dot"
      - "/Library/Frameworks/Python.framework/Versions/Current/bin/dot"
      - "/Library/Frameworks/Mono.framework/Versions/Current/Commands/dot"
      - "/usr/bin/dot"
      - "/bin/dot"
      - "/usr/sbin/dot"
      - "/sbin/dot"
      - "/Users/runner/.dotnet/tools/dot"
      - "/Applications/Xcode_16.4.app/Contents/Developer/Platforms/MacOSX.platform/Developer/SDKs/MacOSX.sdk/usr/bin/dot"
      - "/Applications/Xcode_16.4.app/Contents/Developer/Platforms/MacOSX.platform/Developer/SDKs/MacOSX.sdk/usr/sbin/dot"
      - "/Applications/Xcode_16.4.app/Contents/Developer/Platforms/MacOSX.platform/Developer/SDKs/MacOSX.sdk/usr/dot"
      - "/usr/bin/dot"
      - "/usr/sbin/dot"
      - "/usr/dot"
      - "/bin/dot"
      - "/sbin/dot"
      - "/usr/X11R6/bin/dot"
      - "/usr/X11R6/sbin/dot"
      - "/usr/X11R6/dot"
      - "/usr/pkg/bin/dot"
      - "/usr/pkg/sbin/dot"
      - "/usr/pkg/dot"
      - "/opt/bin/dot"
      - "/opt/sbin/dot"
      - "/opt/dot"
      - "/sw/bin/dot"
      - "/sw/sbin/dot"
      - "/sw/dot"
      - "/opt/local/bin/dot"
      - "/opt/local/sbin/dot"
      - "/opt/local/dot"
      - "/Applications/dot"
      - "/Applications/Xcode_16.4.app/Contents/Applications/dot"
      - "/Applications/Xcode_16.4.app/Contents/Developer/Applications/dot"
      - "/ATT/Graphviz/bin/dot"
      - "C:/Program Files/ATT/Graphviz/bin/dot"
      - "/Applications/Graphviz.app/Contents/MacOS/dot"
      - "/Applications/Utilities/Graphviz.app/Contents/MacOS/dot"
      - "/Applications/Doxygen.app/Contents/Resources/dot"
      - "/Applications/Doxygen.app/Contents/MacOS/dot"
      - "/Applications/Utilities/Doxygen.app/Contents/Resources/dot"
      - "/Applications/Utilities/Doxygen.app/Contents/MacOS/dot"
    found: false
    search_context:
      CMAKE_PREFIX_PATH:
        - "/Users/runner/work/FreenectTD/FreenectTD/build_deps/prefix-x86_64"
      ENV{PATH}:
        - "/opt/homebrew/lib/ruby/gems/3.3.0/bin"
        - "/opt/homebrew/opt/ruby@3.3/bin"
        - "/Users/runner/.local/bin"
        - "/opt/homebrew/bin"
        - "/opt/homebrew/sbin"
        - "/Users/runner/.cargo/bin"
        - "/usr/local/opt/curl/bin"
        - "/usr/local/bin"
        - "/usr/local/sbin"
        - "/Users/runner/bin"
        - "/Users/runner/.yarn/bin"
        - "/Users/runner/Library/Android/sdk/tools"
        - "/Users/runner/Library/Android/sdk/platform-tools"
        - "/Library/Frameworks/Python.framework/Versions/Current/bin"
        - "/Library/Frameworks/Mono.framework/Versions/Current/Commands"
        - "/usr/bin"
        - "/bin"
        - "/usr/sbin"
        - "/sbin"
        - "/Users/runner/.dotnet/tools"
      CMAKE_INSTALL_PREFIX: "/Users/runner/work/FreenectTD/FreenectTD/build_deps/prefix-x86_64"
      CMAKE_SYSTEM_PREFIX_PATH:
        - "/Applications/Xcode_16.4.app/Contents/Developer/Platforms/MacOSX.platform/Developer/SDKs/MacOSX.sdk/usr"
        - "/opt/homebrew"
        - "/usr/local"
        - "/usr"
        - "/"
        - "/opt/homebrew"
        - "/Users/runner/work/FreenectTD/FreenectTD/build_deps/prefix-x86_64"
        - "/usr/X11R6"
        - "/usr/pkg"
        - "/opt"
        - "/sw"
        - "/opt/local"
      CMAKE_IGNORE_PREFIX_PATH:
        - "/opt/homebrew"
        - "/usr/local"
      CMAKE_SYSTEM_APPBUNDLE_PATH:
        - "/Applications"
        - "/Applications/Xcode_16.4.app/Contents/Applications"
        - "/Applications/Xcode_16.4.app/Contents/Developer/Applications"
...
          -o outfile     write output to outfile
          --keep-all     output files will not be removed even if an error happens
          -Xformat       specify error reporting format (see -h -X)
          -s             redirect messages to stdout
          -Zfile         redirect messages to file
          --info[=lvl]   display optional informational messages
          --debug[=lvl]  display NASM internal debugging messages
          -M...          generate Makefile dependencies (see -h -M)
          -f format      select output file format (see -h -f)
          -g             generate debugging information
          -F format      select a debugging format (see -h -F)
          -gformat       same as -g -F format
          -l listfile    write listing to a list file
          -Lflags...     add information to the list file (see -h -L)
          -Oflags...     select optimization (see -h -O)
          -t             assemble in limited SciTech TASM compatible mode
          -E (or -e)     preprocess only (writes output to stdout by default)
          -a             don't preprocess (assemble only)
          -Ipath         add a pathname to the include file path
          -Pfile         pre-include a file (also --include)
          -Dmacro[=str]  pre-define a macro
          -Umacro        undefine a macro
          -w+x           enable warning x  (see -h -w)(also -Wx)
          -w-x           disable warning x (also -Wno-x)
          -w[+-]error    promote all warnings to errors (also -Werror)
          -w[+-]error=x  promote warning x to errors (also -Werror=x)
          --pragma str   pre-executes a specific %pragma
          --before str   add line (usually a preprocessor statement) before the input
          --bits nn      set bits to nn (equivalent to --before "BITS nn")
          --no-line      ignore %line directives in input
          --gprefix str  prepend the given string to the names of all extern,
                         common and global symbols (also --prefix)
          --gpostfix str append the given string to the names of all extern,
                         common and global symbols (also --postfix)
          --lprefix str  prepend the given string to local symbols
          --lpostfix str append the given string to local symbols
          --reproducible attempt to produce run-to-run identical output
          --limit-* val  set execution limit (see -h --limit)
  -
    kind: "message-v1"
    backtrace:
      - "/opt/homebrew/share/cmake/Modules/CMakeDetermineCompilerId.cmake:1341 (message)"
      - "/opt/homebrew/share/cmake/Modules/CMakeDetermineASMCompiler.cmake:174 (CMAKE_DETERMINE_COMPILER_ID_VENDOR)"
      - "/opt/homebrew/share/cmake/Modules/CMakeDetermineASM_NASMCompiler.cmake:22 (include)"
      - "simd/CMakeLists.txt:52 (enable_language)"
    message: |
      Checking whether the ASM_NASM compiler is TI using "-h" did not match "Texas Instruments":
      Usage: /opt/homebrew/bin/nasm [-@ response_file] [options...] [--] filename
        Options:
          -v (or --v)    print the NASM version number and exit
          -@ file        response file; one command line option per line
          -h             list command line options and exit (also --help)
          -h -opt        show additional help for option "-opt"
          -h all         show all available command line help
          -h topics      show list of help topics (also -h list)
          -o outfile     write output to outfile
          --keep-all     output files will not be removed even if an error happens
          -Xformat       specify error reporting format (see -h -X)
          -s             redirect messages to stdout
          -Zfile         redirect messages to file
          --info[=lvl]   display optional informational messages
          --debug[=lvl]  display NASM internal debugging messages
          -M...          generate Makefile dependencies (see -h -M)
          -f format      select output file format (see -h -f)
          -g             generate debugging information
          -F format      select a debugging format (see -h -F)
          -gformat       same as -g -F format
          -l listfile    write listing to a list file
          -Lflags...     add information to the list file (see -h -L)
          -Oflags...     select optimization (see -h -O)
          -t             assemble in limited SciTech TASM compatible mode
          -E (or -e)     preprocess only (writes output to stdout by default)
          -a             don't preprocess (assemble only)
          -Ipath         add a pathname to the include file path
          -Pfile         pre-include a file (also --include)
          -Dmacro[=str]  pre-define a macro
          -Umacro        undefine a macro
          -w+x           enable warning x  (see -h -w)(also -Wx)
          -w-x           disable warning x (also -Wno-x)
          -w[+-]error    promote all warnings to errors (also -Werror)
          -w[+-]error=x  promote warning x to errors (also -Werror=x)
          --pragma str   pre-executes a specific %pragma
          --before str   add line (usually a preprocessor statement) before the input
          --bits nn      set bits to nn (equivalent to --before "BITS nn")
          --no-line      ignore %line directives in input
          --gprefix str  prepend the given string to the names of all extern,
                         common and global symbols (also --prefix)
          --gpostfix str append the given string to the names of all extern,
                         common and global symbols (also --postfix)
          --lprefix str  prepend the given string to local symbols
          --lpostfix str append the given string to local symbols
          --reproducible attempt to produce run-to-run identical output
          --limit-* val  set execution limit (see -h --limit)
  -
    kind: "message-v1"
    backtrace:
      - "/opt/homebrew/share/cmake/Modules/CMakeDetermineCompilerId.cmake:1341 (message)"
      - "/opt/homebrew/share/cmake/Modules/CMakeDetermineASMCompiler.cmake:174 (CMAKE_DETERMINE_COMPILER_ID_VENDOR)"
      - "/opt/homebrew/share/cmake/Modules/CMakeDetermineASM_NASMCompiler.cmake:22 (include)"
      - "simd/CMakeLists.txt:52 (enable_language)"
    message: |
      Checking whether the ASM_NASM compiler is TIClang using "--version" did not match "(TI (.*) Clang Compiler)":
      NASM version 3.02 compiled on Jun 29 2026
  -
    kind: "message-v1"
    backtrace:
      - "/opt/homebrew/share/cmake/Modules/CMakeDetermineCompilerId.cmake:1341 (message)"
      - "/opt/homebrew/share/cmake/Modules/CMakeDetermineASMCompiler.cmake:174 (CMAKE_DETERMINE_COMPILER_ID_VENDOR)"
      - "/opt/homebrew/share/cmake/Modules/CMakeDetermineASM_NASMCompiler.cmake:22 (include)"
      - "simd/CMakeLists.txt:52 (enable_language)"
    message: |
      Checking whether the ASM_NASM compiler is IAR using "" did not match "IAR Assembler":
      nasm: fatal: no input file specified
      Usage: /opt/homebrew/bin/nasm [-@ response_file] [options...] [--] filename
         For additional help:
             /opt/homebrew/bin/nasm -h [run|topics|all|-option]
  -
    kind: "message-v1"
    backtrace:
      - "/opt/homebrew/share/cmake/Modules/CMakeDetermineCompilerId.cmake:1341 (message)"
      - "/opt/homebrew/share/cmake/Modules/CMakeDetermineASMCompiler.cmake:174 (CMAKE_DETERMINE_COMPILER_ID_VENDOR)"
      - "/opt/homebrew/share/cmake/Modules/CMakeDetermineASM_NASMCompiler.cmake:22 (include)"
      - "simd/CMakeLists.txt:52 (enable_language)"
    message: |
      Checking whether the ASM_NASM compiler is Diab using "-V" did not match "Wind River Systems":
      nasm: error: unrecognised option `-V'
  -
    kind: "message-v1"
    backtrace:
      - "/opt/homebrew/share/cmake/Modules/CMakeDetermineCompilerId.cmake:1341 (message)"
      - "/opt/homebrew/share/cmake/Modules/CMakeDetermineASMCompiler.cmake:174 (CMAKE_DETERMINE_COMPILER_ID_VENDOR)"
      - "/opt/homebrew/share/cmake/Modules/CMakeDetermineASM_NASMCompiler.cmake:22 (include)"
      - "simd/CMakeLists.txt:52 (enable_language)"
    message: |
      Checking whether the ASM_NASM compiler is ARMCC using "" did not match "(ARM Compiler)|(ARM Assembler)|(Arm Compiler)":
      nasm: fatal: no input file specified
      Usage: /opt/homebrew/bin/nasm [-@ response_file] [options...] [--] filename
         For additional help:
             /opt/homebrew/bin/nasm -h [run|topics|all|-option]
  -
    kind: "message-v1"
    backtrace:
      - "/opt/homebrew/share/cmake/Modules/CMakeDetermineCompilerId.cmake:1328 (message)"
      - "/opt/homebrew/share/cmake/Modules/CMakeDetermineASMCompiler.cmake:174 (CMAKE_DETERMINE_COMPILER_ID_VENDOR)"
      - "/opt/homebrew/share/cmake/Modules/CMakeDetermineASM_NASMCompiler.cmake:22 (include)"
      - "simd/CMakeLists.txt:52 (enable_language)"
    message: |
      Checking whether the ASM_NASM compiler is NASM using "-v" matched "(NASM version)":
      NASM version 3.02 compiled on Jun 29 2026
...
      CMAKE_FIND_USE_CMAKE_SYSTEM_PATH: true
      CMAKE_FIND_USE_INSTALL_PREFIX: true
    names:
      - "tapi"
    candidate_directories:
      - "/opt/homebrew/bin/"
      - "/opt/homebrew/lib/ruby/gems/3.3.0/bin/"
      - "/opt/homebrew/opt/ruby@3.3/bin/"
      - "/Users/runner/.local/bin/"
      - "/opt/homebrew/sbin/"
      - "/Users/runner/.cargo/bin/"
      - "/usr/local/opt/curl/bin/"
      - "/usr/local/bin/"
      - "/usr/local/sbin/"
      - "/Users/runner/bin/"
      - "/Users/runner/.yarn/bin/"
      - "/Users/runner/Library/Android/sdk/tools/"
      - "/Users/runner/Library/Android/sdk/platform-tools/"
      - "/Library/Frameworks/Python.framework/Versions/Current/bin/"
      - "/Library/Frameworks/Mono.framework/Versions/Current/Commands/"
      - "/usr/bin/"
      - "/bin/"
      - "/usr/sbin/"
      - "/sbin/"
      - "/Users/runner/.dotnet/tools/"
    searched_directories:
      - "/opt/homebrew/bin/tapi"
      - "/opt/homebrew/lib/ruby/gems/3.3.0/bin/tapi"
      - "/opt/homebrew/opt/ruby@3.3/bin/tapi"
      - "/Users/runner/.local/bin/tapi"
      - "/opt/homebrew/sbin/tapi"
      - "/Users/runner/.cargo/bin/tapi"
      - "/usr/local/opt/curl/bin/tapi"
      - "/usr/local/bin/tapi"
      - "/usr/local/sbin/tapi"
      - "/Users/runner/bin/tapi"
      - "/Users/runner/.yarn/bin/tapi"
      - "/Users/runner/Library/Android/sdk/tools/tapi"
      - "/Users/runner/Library/Android/sdk/platform-tools/tapi"
      - "/Library/Frameworks/Python.framework/Versions/Current/bin/tapi"
      - "/Library/Frameworks/Mono.framework/Versions/Current/Commands/tapi"
      - "/usr/bin/tapi"
      - "/bin/tapi"
      - "/usr/sbin/tapi"
      - "/sbin/tapi"
      - "/Users/runner/.dotnet/tools/tapi"
    found: false
    search_context:
      ENV{PATH}:
        - "/opt/homebrew/lib/ruby/gems/3.3.0/bin"
        - "/opt/homebrew/opt/ruby@3.3/bin"
        - "/Users/runner/.local/bin"
        - "/opt/homebrew/bin"
        - "/opt/homebrew/sbin"
        - "/Users/runner/.cargo/bin"
        - "/usr/local/opt/curl/bin"
        - "/usr/local/bin"
        - "/usr/local/sbin"
        - "/Users/runner/bin"
        - "/Users/runner/.yarn/bin"
        - "/Users/runner/Library/Android/sdk/tools"
        - "/Users/runner/Library/Android/sdk/platform-tools"
        - "/Library/Frameworks/Python.framework/Versions/Current/bin"
        - "/Library/Frameworks/Mono.framework/Versions/Current/Commands"
        - "/usr/bin"
        - "/bin"
        - "/usr/sbin"
        - "/sbin"
        - "/Users/runner/.dotnet/tools"
  -
    kind: "find-v1"
    backtrace:
      - "/opt/homebrew/share/cmake/Modules/Platform/Darwin.cmake:66 (find_program)"
      - "/opt/homebrew/share/cmake/Modules/CMakeSystemSpecificInformation.cmake:32 (include)"
      - "CMakeLists.txt:9 (project)"
    mode: "program"
    variable: "CMAKE_INSTALL_NAME_TOOL"
    description: "Path to a program."
    settings:
      SearchFramework: "FIRST"
      SearchAppBundle: "FIRST"
      CMAKE_FIND_USE_CMAKE_PATH: true
      CMAKE_FIND_USE_CMAKE_ENVIRONMENT_PATH: true
      CMAKE_FIND_USE_SYSTEM_ENVIRONMENT_PATH: true
      CMAKE_FIND_USE_CMAKE_SYSTEM_PATH: true
      CMAKE_FIND_USE_INSTALL_PREFIX: true
    names:
      - "install_name_tool"
    candidate_directories:
      - "/opt/homebrew/lib/ruby/gems/3.3.0/bin/"
      - "/opt/homebrew/opt/ruby@3.3/bin/"
      - "/Users/runner/.local/bin/"
      - "/opt/homebrew/bin/"
      - "/opt/homebrew/sbin/"
      - "/Users/runner/.cargo/bin/"
      - "/usr/local/opt/curl/bin/"
      - "/usr/local/bin/"
      - "/usr/local/sbin/"
      - "/Users/runner/bin/"
      - "/Users/runner/.yarn/bin/"
      - "/Users/runner/Library/Android/sdk/tools/"
      - "/Users/runner/Library/Android/sdk/platform-tools/"
      - "/Library/Frameworks/Python.framework/Versions/Current/bin/"
      - "/Library/Frameworks/Mono.framework/Versions/Current/Commands/"
      - "/usr/bin/"
      - "/bin/"
      - "/usr/sbin/"
      - "/sbin/"
      - "/Users/runner/.dotnet/tools/"
    searched_directories:
      - "/opt/homebrew/lib/ruby/gems/3.3.0/bin/install_name_tool"
      - "/opt/homebrew/opt/ruby@3.3/bin/install_name_tool"
      - "/Users/runner/.local/bin/install_name_tool"
      - "/opt/homebrew/bin/install_name_tool"
      - "/opt/homebrew/sbin/install_name_tool"
      - "/Users/runner/.cargo/bin/install_name_tool"
      - "/usr/local/opt/curl/bin/install_name_tool"
      - "/usr/local/bin/install_name_tool"
      - "/usr/local/sbin/install_name_tool"
      - "/Users/runner/bin/install_name_tool"
      - "/Users/runner/.yarn/bin/install_name_tool"
      - "/Users/runner/Library/Android/sdk/tools/install_name_tool"
      - "/Users/runner/Library/Android/sdk/platform-tools/install_name_tool"
      - "/Library/Frameworks/Python.framework/Versions/Current/bin/install_name_tool"
      - "/Library/Frameworks/Mono.framework/Versions/Current/Commands/install_name_tool"
    found: "/usr/bin/install_name_tool"
    search_context:
      ENV{PATH}:
        - "/opt/homebrew/lib/ruby/gems/3.3.0/bin"
        - "/opt/homebrew/opt/ruby@3.3/bin"
        - "/Users/runner/.local/bin"
        - "/opt/homebrew/bin"
        - "/opt/homebrew/sbin"
        - "/Users/runner/.cargo/bin"
        - "/usr/local/opt/curl/bin"
        - "/usr/local/bin"
        - "/usr/local/sbin"
        - "/Users/runner/bin"
        - "/Users/runner/.yarn/bin"
        - "/Users/runner/Library/Android/sdk/tools"
        - "/Users/runner/Library/Android/sdk/platform-tools"
        - "/Library/Frameworks/Python.framework/Versions/Current/bin"
        - "/Library/Frameworks/Mono.framework/Versions/Current/Commands"
        - "/usr/bin"
        - "/bin"
        - "/usr/sbin"
        - "/sbin"
        - "/Users/runner/.dotnet/tools"
      CMAKE_INSTALL_PREFIX: "/usr/local"
...
