AUTOCONF='${SHELL} '\''/Users/runner/work/FreenectTD/FreenectTD/build_deps/libusb-1.0.29/missing'\'' autoconf'
AUTOHEADER='${SHELL} '\''/Users/runner/work/FreenectTD/FreenectTD/build_deps/libusb-1.0.29/missing'\'' autoheader'
AUTOMAKE='${SHELL} '\''/Users/runner/work/FreenectTD/FreenectTD/build_deps/libusb-1.0.29/missing'\'' automake-1.16'
AWK='awk'
BUILD_EXAMPLES_FALSE=''
BUILD_EXAMPLES_TRUE='#'
BUILD_TESTS_FALSE=''
BUILD_TESTS_TRUE='#'
BUILD_UMOCKDEV_TEST_FALSE=''
BUILD_UMOCKDEV_TEST_TRUE='#'
CC='clang -arch x86_64'
CCDEPMODE='depmode=gcc3'
CFLAGS='-O2 -mmacosx-version-min=11.0'
CPPFLAGS=''
CREATE_IMPORT_LIB_FALSE=''
CREATE_IMPORT_LIB_TRUE='#'
CSCOPE='cscope'
CTAGS='ctags'
CXX='g++'
CXXCPP='g++ -E'
CXXDEPMODE='depmode=gcc3'
CXXFLAGS='-g -O2'
CYGPATH_W='echo'
DEFS='-DHAVE_CONFIG_H'
DEPDIR='.deps'
DLLTOOL='false'
DOXYGEN_HTMLDIR='api-1.0'
DSYMUTIL='dsymutil'
DUMPBIN=':'
ECHO_C='\c'
ECHO_N=''
ECHO_T=''
EGREP='/usr/bin/grep -E'
ETAGS='etags'
EXEEXT=''
EXTRA_LDFLAGS=''
FGREP='/usr/bin/grep -F'
FILECMD='file'
GREP='/usr/bin/grep'
INSTALL_DATA='${INSTALL} -m 644'
INSTALL_PROGRAM='${INSTALL}'
INSTALL_SCRIPT='${INSTALL}'
INSTALL_STRIP_PROGRAM='$(install_sh) -c -s'
LD='/Applications/Xcode_16.4.app/Contents/Developer/Toolchains/XcodeDefault.xctoolchain/usr/bin/ld'
LDFLAGS=''
LIBOBJS=''
LIBS=' -lobjc -Wl,-framework,IOKit -Wl,-framework,CoreFoundation -Wl,-framework,Security'
LIBTOOL='$(SHELL) $(top_builddir)/libtool'
LIPO='lipo'
LN_S='ln -s'
LTLIBOBJS=''
LT_LDFLAGS='-version-info 5:0:5 -no-undefined'
LT_SYS_LIBRARY_PATH=''
MAKEINFO='${SHELL} '\''/Users/runner/work/FreenectTD/FreenectTD/build_deps/libusb-1.0.29/missing'\'' makeinfo'
MANIFEST_TOOL=':'
MKDIR_P='./install-sh -c -d'
NM='nm'
NMEDIT='nmedit'
OBJDUMP='objdump'
OBJEXT='o'
OS_DARWIN_FALSE='#'
OS_DARWIN_TRUE=''
OS_EMSCRIPTEN_FALSE=''
OS_EMSCRIPTEN_TRUE='#'
OS_HAIKU_FALSE=''
OS_HAIKU_TRUE='#'
OS_LINUX_FALSE=''
OS_LINUX_TRUE='#'
OS_NETBSD_FALSE=''
OS_NETBSD_TRUE='#'
OS_NULL_FALSE=''
OS_NULL_TRUE='#'
OS_OPENBSD_FALSE=''
OS_OPENBSD_TRUE='#'
OS_SUNOS_FALSE=''
OS_SUNOS_TRUE='#'
OS_WINDOWS_FALSE=''
OS_WINDOWS_TRUE='#'
OTOOL64=':'
OTOOL='otool'
PACKAGE='libusb-1.0'
PACKAGE_BUGREPORT='libusb-devel@lists.sourceforge.net'
PACKAGE_NAME='libusb-1.0'
PACKAGE_STRING='libusb-1.0 1.0.29'
PACKAGE_TARNAME='libusb-1.0'
PACKAGE_URL='https://libusb.info'
PACKAGE_VERSION='1.0.29'
PATH_SEPARATOR=':'
PKG_CONFIG=''
PKG_CONFIG_LIBDIR=''
PKG_CONFIG_PATH=''
PLATFORM_POSIX_FALSE='#'
PLATFORM_POSIX_TRUE=''
PLATFORM_WINDOWS_FALSE=''
PLATFORM_WINDOWS_TRUE='#'
RANLIB='ranlib'
RC=''
SED='/usr/bin/sed'
SET_MAKE=''
SHELL='/bin/sh'
STRIP='strip'
THREAD_CFLAGS='-pthread'
THREAD_LIBS=''
UMOCKDEV_CFLAGS=''
UMOCKDEV_HOTPLUG_CFLAGS=''
UMOCKDEV_HOTPLUG_LIBS=''
UMOCKDEV_LIBS=''
USE_UDEV_FALSE=''
USE_UDEV_TRUE='#'
VERSION='1.0.29'
ac_ct_AR='ar'
ac_ct_CC=''
ac_ct_CXX='g++'
ac_ct_DUMPBIN='link -dump'
am__EXEEXT_FALSE=''
am__EXEEXT_TRUE='#'
am__fastdepCC_FALSE='#'
am__fastdepCC_TRUE=''
am__fastdepCXX_FALSE='#'
am__fastdepCXX_TRUE=''
am__include='include'
am__isrc=''
am__leading_dot='.'
am__nodep='_no'
am__quote=''
am__tar='$${TAR-tar} chof - "$$tardir"'
am__untar='$${TAR-tar} xf -'
bindir='${exec_prefix}/bin'
build='aarch64-apple-darwin24.6.0'
build_alias=''
build_cpu='aarch64'
build_os='darwin24.6.0'
build_vendor='apple'
datadir='${datarootdir}'
datarootdir='${prefix}/share'
docdir='${datarootdir}/doc/${PACKAGE_TARNAME}'
dvidir='${docdir}'
exec_prefix='${prefix}'
host='x86_64-apple-darwin'
host_alias='x86_64-apple-darwin'
host_cpu='x86_64'
host_os='darwin'
host_vendor='apple'
htmldir='${docdir}'
includedir='${prefix}/include'
infodir='${datarootdir}/info'
install_sh='${SHELL} /Users/runner/work/FreenectTD/FreenectTD/build_deps/libusb-1.0.29/install-sh'
libdir='${exec_prefix}/lib'
libexecdir='${exec_prefix}/libexec'
localedir='${datarootdir}/locale'
localstatedir='${prefix}/var'
mandir='${datarootdir}/man'
mkdir_p='$(MKDIR_P)'
oldincludedir='/usr/include'
pdfdir='${docdir}'
prefix='/Users/runner/work/FreenectTD/FreenectTD/build_deps/prefix-x86_64'
program_transform_name='s,x,x,'
psdir='${docdir}'
runstatedir='${localstatedir}/run'
sbindir='${exec_prefix}/sbin'
sharedstatedir='${prefix}/com'
sysconfdir='${prefix}/etc'
target_alias=''

## ----------- ##
## confdefs.h. ##
## ----------- ##

/* confdefs.h */
#define PACKAGE_NAME "libusb-1.0"
#define PACKAGE_TARNAME "libusb-1.0"
#define PACKAGE_VERSION "1.0.29"
#define PACKAGE_STRING "libusb-1.0 1.0.29"
#define PACKAGE_BUGREPORT "libusb-devel@lists.sourceforge.net"
#define PACKAGE_URL "https://libusb.info"
#define PACKAGE "libusb-1.0"
#define VERSION "1.0.29"
#define HAVE_STDIO_H 1
#define HAVE_STDLIB_H 1
#define HAVE_STRING_H 1
#define HAVE_INTTYPES_H 1
#define HAVE_STDINT_H 1
#define HAVE_STRINGS_H 1
#define HAVE_SYS_STAT_H 1
#define HAVE_SYS_TYPES_H 1
#define HAVE_UNISTD_H 1
#define STDC_HEADERS 1
#define HAVE_DLFCN_H 1
#define LT_OBJDIR ".libs/"
#define _GNU_SOURCE 1
#define DEFAULT_VISIBILITY __attribute__ ((visibility ("default")))
#define PRINTF_FORMAT(a, b) __attribute__ ((__format__ (__printf__, a, b)))
#define PLATFORM_POSIX 1
#define HAVE_NFDS_T 1
#define HAVE_PTHREAD_THREADID_NP 1
#define HAVE_IOKIT_USB_IOUSBHOSTFAMILYDEFINITIONS_H 1
#define HAVE_SYS_TIME_H 1
#define ENABLE_LOGGING 1

configure: exit 0
