    export ENABLE_TESTING_SEARCH_PATHS\=NO
    export ENABLE_USER_SCRIPT_SANDBOXING\=NO
    export ENABLE_XOJIT_PREVIEWS\=NO
    export ENFORCE_VALID_ARCHS\=YES
    export ENTITLEMENTS_DESTINATION\=Signature
    export ENTITLEMENTS_REQUIRED\=NO
    export EXCLUDED_INSTALLSRC_SUBDIRECTORY_PATTERNS\=.DS_Store\ .svn\ .git\ .hg\ CVS
    export EXCLUDED_RECURSIVE_SEARCH_PATH_SUBDIRECTORIES\=\*.nib\ \*.lproj\ \*.framework\ \*.gch\ \*.xcode\*\ \*.xcassets\ \(\*\)\ .DS_Store\ CVS\ .svn\ .git\ .hg\ \*.pbproj\ \*.pbxproj
    export EXECUTABLES_FOLDER_PATH\=FreenectTOP.plugin/Contents/Executables
    export EXECUTABLE_FOLDER_PATH\=FreenectTOP.plugin/Contents/MacOS
    export EXECUTABLE_FOLDER_PATH_SHALLOW_BUNDLE_NO\=FreenectTOP.plugin/Contents/MacOS
    export EXECUTABLE_FOLDER_PATH_SHALLOW_BUNDLE_YES\=FreenectTOP.plugin/Contents
    export EXECUTABLE_NAME\=FreenectTOP
    export EXECUTABLE_PATH\=FreenectTOP.plugin/Contents/MacOS/FreenectTOP
    export EXPANDED_CODE_SIGN_IDENTITY\=-
    export EXPANDED_CODE_SIGN_IDENTITY_NAME\=Sign\ to\ Run\ Locally
    export EXTENSIONS_FOLDER_PATH\=FreenectTOP.plugin/Contents/Extensions
    export FILE_LIST\=/Users/runner/work/FreenectTD/FreenectTD/build/td2023/FreenectTD.build/Release/FreenectTOP.build/Objects/LinkFileList
    export FIXED_FILES_DIR\=/Users/runner/work/FreenectTD/FreenectTD/build/td2023/FreenectTD.build/Release/FreenectTOP.build/FixedFiles
    export FNTD_TD_VERSION\=2023
    export FRAMEWORKS_FOLDER_PATH\=FreenectTOP.plugin/Contents/Frameworks
    export FRAMEWORK_FLAG_PREFIX\=-framework
    export FRAMEWORK_SEARCH_PATHS\=/Users/runner/work/FreenectTD/FreenectTD/build/td2023/Release\ 
    export FRAMEWORK_VERSION\=A
    export FULL_PRODUCT_NAME\=FreenectTOP.plugin
    export FUSE_BUILD_PHASES\=YES
    export FUSE_BUILD_SCRIPT_PHASES\=NO
    export GCC3_VERSION\=3.3
    export GCC_C_LANGUAGE_STANDARD\=gnu17
    export GCC_INLINES_ARE_PRIVATE_EXTERN\=YES
    export GCC_NO_COMMON_BLOCKS\=YES
    export GCC_PFE_FILE_C_DIALECTS\=c\ objective-c\ c++\ objective-c++
    export GCC_PREPROCESSOR_DEFINITIONS\=FREENECTTOP_VERSION\=\"\\\"1.0.1\\\"\"\ FNTD_PROFILE\=0\ FNTD_DEBUG\=0\ TD_VERSION\=2023
    export GCC_TREAT_WARNINGS_AS_ERRORS\=NO
    export GCC_VERSION\=com.apple.compilers.llvm.clang.1_0
    export GCC_VERSION_IDENTIFIER\=com_apple_compilers_llvm_clang_1_0
    export GCC_WARN_64_TO_32_BIT_CONVERSION\=YES
    export GCC_WARN_ABOUT_RETURN_TYPE\=YES_ERROR
    export GCC_WARN_UNDECLARED_SELECTOR\=YES
    export GCC_WARN_UNINITIALIZED_AUTOS\=YES_AGGRESSIVE
    export GCC_WARN_UNUSED_FUNCTION\=YES
    export GCC_WARN_UNUSED_VARIABLE\=YES
    export GENERATED_MODULEMAP_DIR\=/Users/runner/work/FreenectTD/FreenectTD/build/td2023/GeneratedModuleMaps
    export GENERATE_INFOPLIST_FILE\=YES
    export GENERATE_INTERMEDIATE_TEXT_BASED_STUBS\=YES
    export GENERATE_MASTER_OBJECT_FILE\=NO
    export GENERATE_PKGINFO_FILE\=NO
    export GENERATE_PROFILING_CODE\=NO
    export GENERATE_TEXT_BASED_STUBS\=NO
    export GID\=20
    export GROUP\=staff
    export HEADERMAP_INCLUDES_FLAT_ENTRIES_FOR_TARGET_BEING_BUILT\=YES
    export HEADERMAP_INCLUDES_FRAMEWORK_ENTRIES_FOR_ALL_PRODUCT_TYPES\=YES
    export HEADERMAP_INCLUDES_FRAMEWORK_ENTRIES_FOR_TARGETS_NOT_BEING_BUILT\=YES
    export HEADERMAP_INCLUDES_NONPUBLIC_NONPRIVATE_HEADERS\=YES
    export HEADERMAP_INCLUDES_PROJECT_HEADERS\=YES
    export HEADERMAP_USES_FRAMEWORK_PREFIX_ENTRIES\=YES
    export HEADERMAP_USES_VFS\=NO
    export HEADER_SEARCH_PATHS\=/Users/runner/work/FreenectTD/FreenectTD/build/td2023/Release/include\ /Users/runner/work/FreenectTD/FreenectTD/include/headers\ /usr/local/include
    export HIDE_BITCODE_SYMBOLS\=YES
    export HOME\=/Users/runner
    export HOST_ARCH\=arm64
    export HOST_PLATFORM\=macosx
    export ICONV\=/usr/bin/iconv
    export IMPLICIT_DEPENDENCY_DOMAIN\=default
    export INFOPLIST_ENABLE_CFBUNDLEICONS_MERGE\=YES
    export INFOPLIST_EXPAND_BUILD_SETTINGS\=YES
    export INFOPLIST_KEY_CFBundleDisplayName\=FreenectTOP
    export INFOPLIST_OUTPUT_FORMAT\=same-as-input
    export INFOPLIST_PATH\=FreenectTOP.plugin/Contents/Info.plist
    export INFOPLIST_PREPROCESS\=NO
    export INFOSTRINGS_PATH\=FreenectTOP.plugin/Contents/Resources/en.lproj/InfoPlist.strings
    export INLINE_PRIVATE_FRAMEWORKS\=NO
    export INSTALLAPI_IGNORE_SKIP_INSTALL\=YES
    export INSTALLHDRS_COPY_PHASE\=NO
    export INSTALLHDRS_SCRIPT_PHASE\=NO
    export INSTALL_DIR\=/tmp/FreenectTD.dst/Library/Bundles
    export INSTALL_GROUP\=staff
    export INSTALL_MODE_FLAG\=u+w,go-w,a+rX
    export INSTALL_OWNER\=runner
    export INSTALL_PATH\=/Library/Bundles
    export INSTALL_ROOT\=/tmp/FreenectTD.dst
    export IOS_UNZIPPERED_TWIN_PREFIX_PATH\=/System/iOSSupport
    export IS_MACCATALYST\=NO
    export IS_UNOPTIMIZED_BUILD\=NO
    export JAVAC_DEFAULT_FLAGS\=-J-Xms64m\ -J-XX:NewSize\=4M\ -J-Dfile.encoding\=UTF8
    export JAVA_APP_STUB\=/System/Library/Frameworks/JavaVM.framework/Resources/MacOS/JavaApplicationStub
    export JAVA_ARCHIVE_CLASSES\=YES
    export JAVA_ARCHIVE_TYPE\=JAR
    export JAVA_COMPILER\=/usr/bin/javac
    export JAVA_FOLDER_PATH\=FreenectTOP.plugin/Contents/Resources/Java
    export JAVA_FRAMEWORK_RESOURCES_DIRS\=Resources
    export JAVA_JAR_FLAGS\=cv
    export JAVA_SOURCE_SUBDIR\=.
    export JAVA_USE_DEPENDENCIES\=YES
    export JAVA_ZIP_FLAGS\=-urg
    export JIKES_DEFAULT_FLAGS\=+E\ +OLDCSO
    export KASAN_CFLAGS_CLASSIC\=-DKASAN\=1\ -DKASAN_CLASSIC\=1\ -fsanitize\=address\ -mllvm\ -asan-globals-live-support\ -mllvm\ -asan-force-dynamic-shadow
    export KASAN_CFLAGS_TBI\=-DKASAN\=1\ -DKASAN_TBI\=1\ -fsanitize\=kernel-hwaddress\ -mllvm\ -hwasan-recover\=0\ -mllvm\ -hwasan-instrument-atomics\=0\ -mllvm\ -hwasan-instrument-stack\=1\ -mllvm\ -hwasan-generate-tags-with-calls\=1\ -mllvm\ -hwasan-instrument-with-calls\=1\ -mllvm\ -hwasan-use-short-granules\=0\ -mllvm\ -hwasan-memory-access-callback-prefix\=__asan_
    export KASAN_DEFAULT_CFLAGS\=-DKASAN\=1\ -DKASAN_CLASSIC\=1\ -fsanitize\=address\ -mllvm\ -asan-globals-live-support\ -mllvm\ -asan-force-dynamic-shadow
    export KEEP_PRIVATE_EXTERNS\=NO
    export LD_DEPENDENCY_INFO_FILE\=/Users/runner/work/FreenectTD/FreenectTD/build/td2023/FreenectTD.build/Release/FreenectTOP.build/Objects-normal/undefined_arch/FreenectTOP_dependency_info.dat
    export LD_EXPORT_SYMBOLS\=YES
    export LD_GENERATE_MAP_FILE\=NO
    export LD_MAP_FILE_PATH\=/Users/runner/work/FreenectTD/FreenectTD/build/td2023/FreenectTD.build/Release/FreenectTOP.build/FreenectTOP-LinkMap-normal-undefined_arch.txt
    export LD_NO_PIE\=NO
    export LD_QUOTE_LINKER_ARGUMENTS_FOR_COMPILER_DRIVER\=YES
    export LD_SHARED_CACHE_ELIGIBLE\=Automatic
    export LD_WARN_DUPLICATE_LIBRARIES\=NO
    export LD_WARN_UNUSED_DYLIBS\=NO
    export LEGACY_DEVELOPER_DIR\=/Applications/Xcode_16.4.app/Contents/PlugIns/Xcode3Core.ideplugin/Contents/SharedSupport/Developer
    export LEX\=lex
    export LIBRARY_DEXT_INSTALL_PATH\=/Library/DriverExtensions
    export LIBRARY_FLAG_NOSPACE\=YES
    export LIBRARY_FLAG_PREFIX\=-l
    export LIBRARY_KEXT_INSTALL_PATH\=/Library/Extensions
    export LIBRARY_SEARCH_PATHS\=/Users/runner/work/FreenectTD/FreenectTD/build/td2023/Release\ /usr/local/lib\ /Users/runner/work/FreenectTD/FreenectTD/include/libs/\*\*\ /Users/runner/work/FreenectTD/FreenectTD/include/libs
    export LINKER_DISPLAYS_MANGLED_NAMES\=NO
    export LINK_FILE_LIST_normal_arm64\=/Users/runner/work/FreenectTD/FreenectTD/build/td2023/FreenectTD.build/Release/FreenectTOP.build/Objects-normal/arm64/FreenectTOP.LinkFileList
    export LINK_FILE_LIST_normal_x86_64\=/Users/runner/work/FreenectTD/FreenectTD/build/td2023/FreenectTD.build/Release/FreenectTOP.build/Objects-normal/x86_64/FreenectTOP.LinkFileList
    export LINK_OBJC_RUNTIME\=YES
    export LINK_WITH_STANDARD_LIBRARIES\=YES
    export LLVM_TARGET_TRIPLE_OS_VERSION\=macos12.4
    export LLVM_TARGET_TRIPLE_OS_VERSION_NO\=macos12.4
    export LLVM_TARGET_TRIPLE_OS_VERSION_YES\=macos15.5
    export LLVM_TARGET_TRIPLE_VENDOR\=apple
    export LM_AUX_CONST_METADATA_LIST_PATH_normal_arm64\=/Users/runner/work/FreenectTD/FreenectTD/build/td2023/FreenectTD.build/Release/FreenectTOP.build/Objects-normal/arm64/FreenectTOP.SwiftConstValuesFileList
    export LM_AUX_CONST_METADATA_LIST_PATH_normal_x86_64\=/Users/runner/work/FreenectTD/FreenectTD/build/td2023/FreenectTD.build/Release/FreenectTOP.build/Objects-normal/x86_64/FreenectTOP.SwiftConstValuesFileList
    export LOCALIZATION_EXPORT_SUPPORTED\=YES
    export LOCALIZATION_PREFERS_STRING_CATALOGS\=YES
    export LOCALIZED_RESOURCES_FOLDER_PATH\=FreenectTOP.plugin/Contents/Resources/en.lproj
    export LOCALIZED_STRING_MACRO_NAMES\=NSLocalizedString\ CFCopyLocalizedString
    export LOCALIZED_STRING_SWIFTUI_SUPPORT\=YES
    export LOCAL_ADMIN_APPS_DIR\=/Applications/Utilities
    export LOCAL_APPS_DIR\=/Applications
    export LOCAL_DEVELOPER_DIR\=/Library/Developer
    export LOCAL_LIBRARY_DIR\=/Library
    export LOCROOT\=/Users/runner/work/FreenectTD/FreenectTD
    export LOCSYMROOT\=/Users/runner/work/FreenectTD/FreenectTD
    export MACH_O_TYPE\=mh_bundle
    export MACOSX_DEPLOYMENT_TARGET\=12.4
    export MAC_OS_X_PRODUCT_BUILD_VERSION\=24G830
    export MAC_OS_X_VERSION_ACTUAL\=150709
    export MAC_OS_X_VERSION_MAJOR\=150000
    export MAC_OS_X_VERSION_MINOR\=150700
    export MAKE_MERGEABLE\=NO
    export MARKETING_VERSION\=1.0.1
    export MERGEABLE_LIBRARY\=NO
    export MERGED_BINARY_TYPE\=none
    export MERGE_LINKED_LIBRARIES\=NO
    export METAL_LIBRARY_FILE_BASE\=default
    export METAL_LIBRARY_OUTPUT_DIR\=/Users/runner/work/FreenectTD/FreenectTD/build/td2023/Release/FreenectTOP.plugin/Contents/Resources
    export MODULES_FOLDER_PATH\=FreenectTOP.plugin/Contents/Modules
    export MTL_ENABLE_DEBUG_INFO\=NO
    export MTL_FAST_MATH\=YES
    export NATIVE_ARCH\=arm64
    export NATIVE_ARCH_32_BIT\=arm
    export NATIVE_ARCH_64_BIT\=arm64
    export NATIVE_ARCH_ACTUAL\=arm64
    export NO_COMMON\=YES
    export OBJECT_FILE_DIR\=/Users/runner/work/FreenectTD/FreenectTD/build/td2023/FreenectTD.build/Release/FreenectTOP.build/Objects
    export OBJECT_FILE_DIR_normal\=/Users/runner/work/FreenectTD/FreenectTD/build/td2023/FreenectTD.build/Release/FreenectTOP.build/Objects-normal
    export OBJROOT\=/Users/runner/work/FreenectTD/FreenectTD/build/td2023
    export ONLY_ACTIVE_ARCH\=NO
    export OS\=MACOS
    export OSAC\=/usr/bin/osacompile
    export PACKAGE_TYPE\=com.apple.package-type.wrapper
    export PASCAL_STRINGS\=YES
    export PATH\=/Applications/Xcode_16.4.app/Contents/SharedFrameworks/SwiftBuild.framework/Versions/A/PlugIns/SWBBuildService.bundle/Contents/PlugIns/SWBUniversalPlatformPlugin.bundle/Contents/Frameworks/SWBUniversalPlatform.framework/Resources:/Applications/Xcode_16.4.app/Contents/Developer/Toolchains/XcodeDefault.xctoolchain/usr/bin:/Applications/Xcode_16.4.app/Contents/Developer/Toolchains/XcodeDefault.xctoolchain/usr/local/bin:/Applications/Xcode_16.4.app/Contents/Developer/Toolchains/XcodeDefault.xctoolchain/usr/libexec:/Applications/Xcode_16.4.app/Contents/Developer/Platforms/MacOSX.platform/usr/bin:/Applications/Xcode_16.4.app/Contents/Developer/Platforms/MacOSX.platform/usr/local/bin:/Applications/Xcode_16.4.app/Contents/Developer/Platforms/MacOSX.platform/Developer/usr/bin:/Applications/Xcode_16.4.app/Contents/Developer/Platforms/MacOSX.platform/Developer/usr/local/bin:/Applications/Xcode_16.4.app/Contents/Developer/usr/bin:/Applications/Xcode_16.4.app/Contents/Developer/usr/local/bin:/opt/homebrew/lib/ruby/gems/3.3.0/bin:/opt/homebrew/opt/ruby@3.3/bin:/Users/runner/.local/bin:/opt/homebrew/bin:/opt/homebrew/sbin:/Users/runner/.cargo/bin:/usr/local/opt/curl/bin:/usr/local/bin:/usr/local/sbin:/Users/runner/bin:/Users/runner/.yarn/bin:/Users/runner/Library/Android/sdk/tools:/Users/runner/Library/Android/sdk/platform-tools:/Library/Frameworks/Python.framework/Versions/Current/bin:/Library/Frameworks/Mono.framework/Versions/Current/Commands:/usr/bin:/bin:/usr/sbin:/sbin:/Users/runner/.dotnet/tools
    export PATH_PREFIXES_EXCLUDED_FROM_HEADER_DEPENDENCIES\=/usr/include\ /usr/local/include\ /System/Library/Frameworks\ /System/Library/PrivateFrameworks\ /Applications/Xcode_16.4.app/Contents/Developer/Headers\ /Applications/Xcode_16.4.app/Contents/Developer/SDKs\ /Applications/Xcode_16.4.app/Contents/Developer/Platforms
    export PBDEVELOPMENTPLIST_PATH\=FreenectTOP.plugin/Contents/pbdevelopment.plist
    export PER_ARCH_MODULE_FILE_DIR\=/Users/runner/work/FreenectTD/FreenectTD/build/td2023/FreenectTD.build/Release/FreenectTOP.build/Objects-normal/undefined_arch
    export PER_ARCH_OBJECT_FILE_DIR\=/Users/runner/work/FreenectTD/FreenectTD/build/td2023/FreenectTD.build/Release/FreenectTOP.build/Objects-normal/undefined_arch
    export PER_VARIANT_OBJECT_FILE_DIR\=/Users/runner/work/FreenectTD/FreenectTD/build/td2023/FreenectTD.build/Release/FreenectTOP.build/Objects-normal
    export PKGINFO_FILE_PATH\=/Users/runner/work/FreenectTD/FreenectTD/build/td2023/FreenectTD.build/Release/FreenectTOP.build/PkgInfo
    export PKGINFO_PATH\=FreenectTOP.plugin/Contents/PkgInfo
    export PLATFORM_DEVELOPER_APPLICATIONS_DIR\=/Applications/Xcode_16.4.app/Contents/Developer/Applications
    export PLATFORM_DEVELOPER_BIN_DIR\=/Applications/Xcode_16.4.app/Contents/Developer/usr/bin
    export PLATFORM_DEVELOPER_LIBRARY_DIR\=/Applications/Xcode_16.4.app/Contents/Developer/Library
    export PLATFORM_DEVELOPER_SDK_DIR\=/Applications/Xcode_16.4.app/Contents/Developer/Platforms/MacOSX.platform/Developer/SDKs
    export PLATFORM_DEVELOPER_TOOLS_DIR\=/Applications/Xcode_16.4.app/Contents/Developer/Tools
    export PLATFORM_DEVELOPER_USR_DIR\=/Applications/Xcode_16.4.app/Contents/Developer/usr
    export PLATFORM_DIR\=/Applications/Xcode_16.4.app/Contents/Developer/Platforms/MacOSX.platform
    export PLATFORM_DISPLAY_NAME\=macOS
    export PLATFORM_FAMILY_NAME\=macOS
    export PLATFORM_NAME\=macosx
    export PLATFORM_PREFERRED_ARCH\=x86_64
    export PLATFORM_PRODUCT_BUILD_VERSION\=24F74
    export PLATFORM_REQUIRES_SWIFT_AUTOLINK_EXTRACT\=NO
    export PLATFORM_REQUIRES_SWIFT_MODULEWRAP\=NO
    export PLIST_FILE_OUTPUT_FORMAT\=same-as-input
    export PLUGINS_FOLDER_PATH\=FreenectTOP.plugin/Contents/PlugIns
    export PRECOMPS_INCLUDE_HEADERS_FROM_BUILT_PRODUCTS_DIR\=YES
    export PRECOMP_DESTINATION_DIR\=/Users/runner/work/FreenectTD/FreenectTD/build/td2023/FreenectTD.build/Release/FreenectTOP.build/PrefixHeaders
    export PRIVATE_HEADERS_FOLDER_PATH\=FreenectTOP.plugin/Contents/PrivateHeaders
    export PROCESSED_INFOPLIST_PATH\=/Users/runner/work/FreenectTD/FreenectTD/build/td2023/FreenectTD.build/Release/FreenectTOP.build/Objects-normal/undefined_arch/Processed-Info.plist
    export PRODUCT_BUNDLE_IDENTIFIER\=ee.marte.FreenectTD.TOP
    export PRODUCT_BUNDLE_PACKAGE_TYPE\=BNDL
    export PRODUCT_MODULE_NAME\=FreenectTOP
    export PRODUCT_NAME\=FreenectTOP
    export PRODUCT_SETTINGS_PATH\=
    export PRODUCT_TYPE\=com.apple.product-type.bundle
    export PROFILING_CODE\=NO
    export PROJECT\=FreenectTD
    export PROJECT_DERIVED_FILE_DIR\=/Users/runner/work/FreenectTD/FreenectTD/build/td2023/FreenectTD.build/DerivedSources
    export PROJECT_DIR\=/Users/runner/work/FreenectTD/FreenectTD
    export PROJECT_FILE_PATH\=/Users/runner/work/FreenectTD/FreenectTD/FreenectTD.xcodeproj
    export PROJECT_GUID\=dcf162ee6f00a1a3495a3f4f6b39d510
    export PROJECT_NAME\=FreenectTD
    export PROJECT_TEMP_DIR\=/Users/runner/work/FreenectTD/FreenectTD/build/td2023/FreenectTD.build
    export PROJECT_TEMP_ROOT\=/Users/runner/work/FreenectTD/FreenectTD/build/td2023
    export PUBLIC_HEADERS_FOLDER_PATH\=FreenectTOP.plugin/Contents/Headers
    export RECOMMENDED_MACOSX_DEPLOYMENT_TARGET\=11.0
    export RECURSIVE_SEARCH_PATHS_FOLLOW_SYMLINKS\=YES
    export REMOVE_CVS_FROM_RESOURCES\=YES
    export REMOVE_GIT_FROM_RESOURCES\=YES
    export REMOVE_HEADERS_FROM_EMBEDDED_BUNDLES\=YES
    export REMOVE_HG_FROM_RESOURCES\=YES
    export REMOVE_STATIC_EXECUTABLES_FROM_EMBEDDED_BUNDLES\=YES
    export REMOVE_SVN_FROM_RESOURCES\=YES
    export RESCHEDULE_INDEPENDENT_HEADERS_PHASES\=YES
    export REZ_COLLECTOR_DIR\=/Users/runner/work/FreenectTD/FreenectTD/build/td2023/FreenectTD.build/Release/FreenectTOP.build/ResourceManagerResources
    export REZ_OBJECTS_DIR\=/Users/runner/work/FreenectTD/FreenectTD/build/td2023/FreenectTD.build/Release/FreenectTOP.build/ResourceManagerResources/Objects
    export REZ_SEARCH_PATHS\=/Users/runner/work/FreenectTD/FreenectTD/build/td2023/Release\ 
    export SCAN_ALL_SOURCE_FILES_FOR_INCLUDES\=NO
    export SCRIPTS_FOLDER_PATH\=FreenectTOP.plugin/Contents/Resources/Scripts
    export SCRIPT_INPUT_FILE_COUNT\=0
    export SCRIPT_INPUT_FILE_LIST_COUNT\=0
    export SCRIPT_OUTPUT_FILE_COUNT\=0
    export SCRIPT_OUTPUT_FILE_LIST_COUNT\=0
    export SDKROOT\=/Applications/Xcode_16.4.app/Contents/Developer/Platforms/MacOSX.platform/Developer/SDKs/MacOSX15.5.sdk
    export SDK_DIR\=/Applications/Xcode_16.4.app/Contents/Developer/Platforms/MacOSX.platform/Developer/SDKs/MacOSX15.5.sdk
    export SDK_DIR_macosx\=/Applications/Xcode_16.4.app/Contents/Developer/Platforms/MacOSX.platform/Developer/SDKs/MacOSX15.5.sdk
    export SDK_DIR_macosx15_5\=/Applications/Xcode_16.4.app/Contents/Developer/Platforms/MacOSX.platform/Developer/SDKs/MacOSX15.5.sdk
    export SDK_NAME\=macosx15.5
    export SDK_NAMES\=macosx15.5
    export SDK_PRODUCT_BUILD_VERSION\=24F74
    export SDK_STAT_CACHE_DIR\=/var/folders/nj/vtw8zd2j31d1gdrtntc5y4600000gn/C/com.apple.DeveloperTools/16.4-16F6/Xcode
    export SDK_STAT_CACHE_ENABLE\=YES
    export SDK_STAT_CACHE_PATH\=/var/folders/nj/vtw8zd2j31d1gdrtntc5y4600000gn/C/com.apple.DeveloperTools/16.4-16F6/Xcode/SDKStatCaches.noindex/macosx15.5-24F74-a403186ba963133a54a0e0cacd566b0b.sdkstatcache
    export SDK_VERSION\=15.5
    export SDK_VERSION_ACTUAL\=150500
    export SDK_VERSION_MAJOR\=150000
    export SDK_VERSION_MINOR\=150500
    export SED\=/usr/bin/sed
    export SEPARATE_STRIP\=NO
    export SEPARATE_SYMBOL_EDIT\=NO
    export SET_DIR_MODE_OWNER_GROUP\=YES
    export SET_FILE_MODE_OWNER_GROUP\=NO
    export SHALLOW_BUNDLE\=NO
    export SHALLOW_BUNDLE_PLATFORM\=NO
    export SHALLOW_BUNDLE_TRIPLE\=macos
    export SHALLOW_BUNDLE_ios_macabi\=NO
    export SHALLOW_BUNDLE_macos\=NO
    export SHARED_DERIVED_FILE_DIR\=/Users/runner/work/FreenectTD/FreenectTD/build/td2023/Release/DerivedSources
    export SHARED_FRAMEWORKS_FOLDER_PATH\=FreenectTOP.plugin/Contents/SharedFrameworks
    export SHARED_PRECOMPS_DIR\=/Users/runner/work/FreenectTD/FreenectTD/build/td2023/SharedPrecompiledHeaders
    export SHARED_SUPPORT_FOLDER_PATH\=FreenectTOP.plugin/Contents/SharedSupport
    export SKIP_INSTALL\=YES
    export SOURCE_ROOT\=/Users/runner/work/FreenectTD/FreenectTD
    export SRCROOT\=/Users/runner/work/FreenectTD/FreenectTD
    export STRINGSDATA_DIR\=/Users/runner/work/FreenectTD/FreenectTD/build/td2023/FreenectTD.build/Release/FreenectTOP.build/Objects-normal/undefined_arch
    export STRINGSDATA_ROOT\=/Users/runner/work/FreenectTD/FreenectTD/build/td2023/FreenectTD.build/Release/FreenectTOP.build
    export STRINGS_FILE_INFOPLIST_RENAME\=YES
    export STRINGS_FILE_OUTPUT_ENCODING\=UTF-16
    export STRIP_BITCODE_FROM_COPIED_FILES\=NO
    export STRIP_INSTALLED_PRODUCT\=YES
    export STRIP_PNG_TEXT\=NO
    export STRIP_STYLE\=non-global
    export STRIP_SWIFT_SYMBOLS\=YES
    export SUPPORTED_PLATFORMS\=macosx
    export SUPPORTS_TEXT_BASED_API\=NO
    export SUPPRESS_WARNINGS\=NO
    export SWIFT_EMIT_LOC_STRINGS\=YES
    export SWIFT_PLATFORM_TARGET_PREFIX\=macos
    export SWIFT_RESPONSE_FILE_PATH_normal_arm64\=/Users/runner/work/FreenectTD/FreenectTD/build/td2023/FreenectTD.build/Release/FreenectTOP.build/Objects-normal/arm64/FreenectTOP.SwiftFileList
    export SWIFT_RESPONSE_FILE_PATH_normal_x86_64\=/Users/runner/work/FreenectTD/FreenectTD/build/td2023/FreenectTD.build/Release/FreenectTOP.build/Objects-normal/x86_64/FreenectTOP.SwiftFileList
    export SYMROOT\=/Users/runner/work/FreenectTD/FreenectTD/build/td2023
    export SYSTEM_ADMIN_APPS_DIR\=/Applications/Utilities
    export SYSTEM_APPS_DIR\=/Applications
    export SYSTEM_CORE_SERVICES_DIR\=/System/Library/CoreServices
    export SYSTEM_DEMOS_DIR\=/Applications/Extras
    export SYSTEM_DEVELOPER_APPS_DIR\=/Applications/Xcode_16.4.app/Contents/Developer/Applications
    export SYSTEM_DEVELOPER_BIN_DIR\=/Applications/Xcode_16.4.app/Contents/Developer/usr/bin
    export SYSTEM_DEVELOPER_DEMOS_DIR\=/Applications/Xcode_16.4.app/Contents/Developer/Applications/Utilities/Built\ Examples
    export SYSTEM_DEVELOPER_DIR\=/Applications/Xcode_16.4.app/Contents/Developer
    export SYSTEM_DEVELOPER_DOC_DIR\=/Applications/Xcode_16.4.app/Contents/Developer/ADC\ Reference\ Library
    export SYSTEM_DEVELOPER_GRAPHICS_TOOLS_DIR\=/Applications/Xcode_16.4.app/Contents/Developer/Applications/Graphics\ Tools
    export SYSTEM_DEVELOPER_JAVA_TOOLS_DIR\=/Applications/Xcode_16.4.app/Contents/Developer/Applications/Java\ Tools
    export SYSTEM_DEVELOPER_PERFORMANCE_TOOLS_DIR\=/Applications/Xcode_16.4.app/Contents/Developer/Applications/Performance\ Tools
    export SYSTEM_DEVELOPER_RELEASENOTES_DIR\=/Applications/Xcode_16.4.app/Contents/Developer/ADC\ Reference\ Library/releasenotes
    export SYSTEM_DEVELOPER_TOOLS\=/Applications/Xcode_16.4.app/Contents/Developer/Tools
    export SYSTEM_DEVELOPER_TOOLS_DOC_DIR\=/Applications/Xcode_16.4.app/Contents/Developer/ADC\ Reference\ Library/documentation/DeveloperTools
    export SYSTEM_DEVELOPER_TOOLS_RELEASENOTES_DIR\=/Applications/Xcode_16.4.app/Contents/Developer/ADC\ Reference\ Library/releasenotes/DeveloperTools
    export SYSTEM_DEVELOPER_USR_DIR\=/Applications/Xcode_16.4.app/Contents/Developer/usr
    export SYSTEM_DEVELOPER_UTILITIES_DIR\=/Applications/Xcode_16.4.app/Contents/Developer/Applications/Utilities
    export SYSTEM_DEXT_INSTALL_PATH\=/System/Library/DriverExtensions
    export SYSTEM_DOCUMENTATION_DIR\=/Library/Documentation
    export SYSTEM_EXTENSIONS_FOLDER_PATH\=FreenectTOP.plugin/Contents/Library/SystemExtensions
    export SYSTEM_EXTENSIONS_FOLDER_PATH_SHALLOW_BUNDLE_NO\=FreenectTOP.plugin/Contents/Library/SystemExtensions
    export SYSTEM_EXTENSIONS_FOLDER_PATH_SHALLOW_BUNDLE_YES\=FreenectTOP.plugin/Contents/SystemExtensions
    export SYSTEM_KEXT_INSTALL_PATH\=/System/Library/Extensions
    export SYSTEM_LIBRARY_DIR\=/System/Library
    export TAPI_DEMANGLE\=YES
    export TAPI_ENABLE_PROJECT_HEADERS\=NO
    export TAPI_LANGUAGE\=objective-c
    export TAPI_LANGUAGE_STANDARD\=compiler-default
    export TAPI_USE_SRCROOT\=YES
    export TAPI_VERIFY_MODE\=Pedantic
    export TARGETNAME\=FreenectTOP
    export TARGET_BUILD_DIR\=/Users/runner/work/FreenectTD/FreenectTD/build/td2023/Release
    export TARGET_NAME\=FreenectTOP
    export TARGET_TEMP_DIR\=/Users/runner/work/FreenectTD/FreenectTD/build/td2023/FreenectTD.build/Release/FreenectTOP.build
    export TEMP_DIR\=/Users/runner/work/FreenectTD/FreenectTD/build/td2023/FreenectTD.build/Release/FreenectTOP.build
    export TEMP_FILES_DIR\=/Users/runner/work/FreenectTD/FreenectTD/build/td2023/FreenectTD.build/Release/FreenectTOP.build
    export TEMP_FILE_DIR\=/Users/runner/work/FreenectTD/FreenectTD/build/td2023/FreenectTD.build/Release/FreenectTOP.build
    export TEMP_ROOT\=/Users/runner/work/FreenectTD/FreenectTD/build/td2023
    export TEMP_SANDBOX_DIR\=/Users/runner/work/FreenectTD/FreenectTD/build/td2023/TemporaryTaskSandboxes
    export TEST_FRAMEWORK_SEARCH_PATHS\=\ /Applications/Xcode_16.4.app/Contents/Developer/Platforms/MacOSX.platform/Developer/Library/Frameworks
    export TEST_LIBRARY_SEARCH_PATHS\=\ /Applications/Xcode_16.4.app/Contents/Developer/Platforms/MacOSX.platform/Developer/usr/lib
    export TOOLCHAINS\=com.apple.dt.toolchain.XcodeDefault
    export TOOLCHAIN_DIR\=/Applications/Xcode_16.4.app/Contents/Developer/Toolchains/XcodeDefault.xctoolchain
    export TREAT_MISSING_BASELINES_AS_TEST_FAILURES\=NO
    export TREAT_MISSING_SCRIPT_PHASE_OUTPUTS_AS_ERRORS\=NO
    export UID\=501
    export UNINSTALLED_PRODUCTS_DIR\=/Users/runner/work/FreenectTD/FreenectTD/build/td2023/UninstalledProducts
    export UNLOCALIZED_RESOURCES_FOLDER_PATH\=FreenectTOP.plugin/Contents/Resources
    export UNLOCALIZED_RESOURCES_FOLDER_PATH_SHALLOW_BUNDLE_NO\=FreenectTOP.plugin/Contents/Resources
    export UNLOCALIZED_RESOURCES_FOLDER_PATH_SHALLOW_BUNDLE_YES\=FreenectTOP.plugin/Contents
    export UNSTRIPPED_PRODUCT\=NO
    export USER\=runner
    export USER_APPS_DIR\=/Users/runner/Applications
    export USER_LIBRARY_DIR\=/Users/runner/Library
    export USE_DYNAMIC_NO_PIC\=YES
    export USE_HEADERMAP\=YES
    export USE_HEADER_SYMLINKS\=NO
    export VALIDATE_DEVELOPMENT_ASSET_PATHS\=YES_ERROR
    export VALIDATE_PRODUCT\=NO
    export VALID_ARCHS\=arm64\ arm64e\ i386\ x86_64
    export VERBOSE_PBXCP\=NO
    export VERSIONPLIST_PATH\=FreenectTOP.plugin/Contents/version.plist
    export VERSION_INFO_BUILDER\=runner
    export VERSION_INFO_FILE\=FreenectTOP_vers.c
    export VERSION_INFO_STRING\=\"@\(\#\)PROGRAM:FreenectTOP\ \ PROJECT:FreenectTD-\"
    export WORKSPACE_DIR\=/Users/runner/work/FreenectTD/FreenectTD/FreenectTD.xcodeproj
    export WRAPPER_EXTENSION\=plugin
    export WRAPPER_NAME\=FreenectTOP.plugin
    export WRAPPER_SUFFIX\=.plugin
    export WRAP_ASSET_PACKS_IN_SEPARATE_DIRECTORIES\=NO
    export XCODE_APP_SUPPORT_DIR\=/Applications/Xcode_16.4.app/Contents/Developer/Library/Xcode
    export XCODE_PRODUCT_BUILD_VERSION\=16F6
    export XCODE_VERSION_ACTUAL\=1640
    export XCODE_VERSION_MAJOR\=1600
    export XCODE_VERSION_MINOR\=1640
    export XPCSERVICES_FOLDER_PATH\=FreenectTOP.plugin/Contents/XPCServices
    export YACC\=yacc
    export _BOOL_\=NO
    export _BOOL_NO\=NO
    export _BOOL_YES\=YES
    export _DEVELOPMENT_TEAM_IS_EMPTY\=YES
    export _DISCOVER_COMMAND_LINE_LINKER_INPUTS\=YES
    export _DISCOVER_COMMAND_LINE_LINKER_INPUTS_INCLUDE_WL\=YES
    export _IS_EMPTY_\=YES
    export _MACOSX_DEPLOYMENT_TARGET_IS_EMPTY\=NO
    export _WRAPPER_CONTENTS_DIR\=/Contents
    export _WRAPPER_CONTENTS_DIR_SHALLOW_BUNDLE_NO\=/Contents
    export _WRAPPER_PARENT_PATH\=/..
    export _WRAPPER_PARENT_PATH_SHALLOW_BUNDLE_NO\=/..
    export _WRAPPER_RESOURCES_DIR\=/Resources
    export _WRAPPER_RESOURCES_DIR_SHALLOW_BUNDLE_NO\=/Resources
    export __DIAGNOSE_DEPRECATED_ARCHS\=YES
    export arch\=undefined_arch
    export variant\=normal
    /bin/sh -c /Users/runner/work/FreenectTD/FreenectTD/build/td2023/FreenectTD.build/Release/FreenectTOP.build/Script-81E200882E74291100CCB6AE.sh
pkgbuild: Inferring bundle components from contents of /Users/runner/work/FreenectTD/FreenectTD/build/td2023/pkg/root
pkgbuild: Adding component at tmp/FreenectTD-Installer/FreenectTOP.plugin
pkgbuild: Adding top-level postinstall script
pkgbuild: Wrote package to /Users/runner/work/FreenectTD/FreenectTD/build/td2023/pkg/IntermediateComponent.pkg
productbuild: Wrote product to /Users/runner/work/FreenectTD/FreenectTD/build/td2023/pkg/FreenectTOP.pkg
Installer created at: /Users/runner/work/FreenectTD/FreenectTD/build/td2023/Release/FreenectTOP_v1.0.1/FreenectTOP_Installer.pkg

CodeSign /Users/runner/work/FreenectTD/FreenectTD/build/td2023/Release/FreenectTOP.plugin (in target 'FreenectTOP' from project 'FreenectTD')
    cd /Users/runner/work/FreenectTD/FreenectTD
    
    Signing Identity:     "Sign to Run Locally"
    
    /usr/bin/codesign --force --sign - --timestamp\=none --generate-entitlement-der /Users/runner/work/FreenectTD/FreenectTD/build/td2023/Release/FreenectTOP.plugin
/Users/runner/work/FreenectTD/FreenectTD/build/td2023/Release/FreenectTOP.plugin: replacing existing signature

RegisterExecutionPolicyException /Users/runner/work/FreenectTD/FreenectTD/build/td2023/Release/FreenectTOP.plugin (in target 'FreenectTOP' from project 'FreenectTD')
    cd /Users/runner/work/FreenectTD/FreenectTD
    builtin-RegisterExecutionPolicyException /Users/runner/work/FreenectTD/FreenectTD/build/td2023/Release/FreenectTOP.plugin

Touch /Users/runner/work/FreenectTD/FreenectTD/build/td2023/Release/FreenectTOP.plugin (in target 'FreenectTOP' from project 'FreenectTD')
    cd /Users/runner/work/FreenectTD/FreenectTD
    /usr/bin/touch -c /Users/runner/work/FreenectTD/FreenectTD/build/td2023/Release/FreenectTOP.plugin

note: Run script build phase 'Run Script' will be run during every build because the option to run the script phase "Based on dependency analysis" is unchecked. (in target 'FreenectTOP' from project 'FreenectTD')
** BUILD SUCCEEDED **

